[  49 sn] E v12 · 413 parça · geçersiz 0 · döngü eski 23.0 s → gerçek 31.96 s
[  49 sn]    PISTON baskı kafası            eski 2.20–2.86 (0.66 s) → gerçek 2.58 s · tepe 980 → 250 mm/s (sınır 250) · φ 3.92
[  49 sn]    PISTON baskı kafası            eski 5.86–6.55 (0.69 s) → gerçek 1.35 s · tepe 270 → 139 mm/s (sınır 250) · φ 1.95
[  49 sn]    PISTON baskı kafası            eski 6.85–7.10 (0.25 s) → gerçek 0.36 s · tepe 270 → 188 mm/s (sınır 250) · φ 1.43
[  49 sn]    PISTON baskı kafası            eski 8.20–8.70 (0.50 s) → gerçek 2.23 s · tepe 1117 → 250 mm/s (sınır 250) · φ 4.47
[  49 sn]    PISTON baskı kafası            eski 14.20–15.60 (1.40 s) → gerçek 1.90 s · tepe 340 → 250 mm/s (sınır 250) · φ 1.36
[  49 sn]    PISTON baskı kafası            eski 15.90–16.70 (0.80 s) → gerçek 1.97 s · tepe 615 → 250 mm/s (sınır 250) · φ 2.46
[  49 sn]    ITICI vakum besleme arabası    eski 0.70–1.35 (0.65 s) → gerçek 0.78 s · tepe 948 → 792 mm/s (sınır 800) · φ 1.20
[  49 sn]    ITICI vakum besleme arabası    eski 1.92–2.60 (0.68 s) → gerçek 1.95 s · tepe 907 → 792 mm/s (sınır 800) · φ 1.14
[  49 sn]    NEST destek tablası            eski 22.60–22.98 (0.38 s) → gerçek 0.85 s · tepe 180 → 80 mm/s (sınır 80) · φ 2.25
[  49 sn]    CNR_LIFT köşe çerçevesi        eski 4.00–4.50 (0.50 s) → gerçek 0.71 s · tepe 114 → 80 mm/s (sınır 80) · φ 1.43
[  49 sn]    CNR_LIFT köşe çerçevesi        eski 8.75–9.05 (0.30 s) → gerçek 0.41 s · tepe 110 → 80 mm/s (sınır 80) · φ 1.38
[  49 sn]    CNR_LIFT köşe çerçevesi        eski 9.50–9.75 (0.25 s) → gerçek 0.42 s · tepe 132 → 80 mm/s (sınır 80) · φ 1.65
[  49 sn]    CNR_LIFT köşe çerçevesi        eski 10.25–10.55 (0.30 s) → gerçek 0.71 s · tepe 190 → 80 mm/s (sınır 80) · φ 2.38
[  49 sn]    CNR köşe parmakları (4)        eski 2.86–3.70 (0.84 s) → gerçek 1.04 s · tepe 193 → 165 °/s (sınır 300) · φ 1.17
[  49 sn]    PARMAK ön dil katlayıcı        eski 9.15–9.50 (0.35 s) → gerçek 0.48 s · tepe 771 → 648 °/s (sınır 900) · φ 1.19
[  49 sn]    KATLAYICI U flap               eski 9.40–9.80 (0.40 s) → gerçek 0.68 s · tepe 141 → 83 mm/s (sınır 83) · φ 1.70
[  49 sn]    KATLAYICI U flap               eski 10.40–10.80 (0.40 s) → gerçek 0.79 s · tepe 141 → 83 mm/s (sınır 83) · φ 1.70
[  49 sn]    KOPRU pizza köprüsü            eski 9.90–10.30 (0.40 s) → gerçek 0.61 s · tepe 112 → 83 mm/s (sınır 83) · φ 1.35
[  49 sn]    KOPRU pizza köprüsü            eski 21.30–21.70 (0.40 s) → gerçek 0.54 s · tepe 112 → 83 mm/s (sınır 83) · φ 1.35
[  49 sn]    ZAMAN İHLALİ (gerçek saatte sınırı aşan eksen): YOK
[  55 sn]    KAFA İNİŞİ ↔ BESLEME (eski 1,85–2,80 · 5 ms): en kısa 4.30 mm (1.85, 'piston_kafasi', 'besleyici_arabasi_0') · kesişim 0
[  60 sn]    an 0.00 · kesişim 0 · makine↔karton 0 · karton içi 0 · 60 s
[  60 sn]    an 0.25 · kesişim 0 · makine↔karton 0 · karton içi 0 · 60 s
[  61 sn]    an 0.35 · kesişim 0 · makine↔karton 0 · karton içi 0 · 60 s
[  61 sn]    an 0.50 · kesişim 0 · makine↔karton 0 · karton içi 0 · 60 s
[  61 sn]    an 0.65 · kesişim 0 · makine↔karton 0 · karton içi 0 · 61 s
[  61 sn]    an 0.75 · kesişim 0 · makine↔karton 0 · karton içi 0 · 61 s
[  61 sn]    an 1.00 · kesişim 0 · makine↔karton 0 · karton içi 0 · 61 s
[  61 sn]    an 1.25 · kesişim 0 · makine↔karton 0 · karton içi 0 · 61 s
[  61 sn]    an 1.35 · kesişim 0 · makine↔karton 0 · karton içi 0 · 61 s
[  62 sn]    an 1.50 · kesişim 0 · makine↔karton 0 · karton içi 0 · 61 s
[  62 sn]    an 1.65 · kesişim 0 · makine↔karton 0 · karton içi 0 · 61 s
[  62 sn]    an 1.75 · kesişim 0 · makine↔karton 0 · karton içi 0 · 62 s
[  62 sn]    an 1.90 · kesişim 0 · makine↔karton 0 · karton içi 0 · 62 s
[  62 sn]    an 2.00 · kesişim 0 · makine↔karton 0 · karton içi 0 · 62 s
[  62 sn]    an 2.20 · kesişim 0 · makine↔karton 0 · karton içi 0 · 62 s
[  62 sn]    an 2.25 · kesişim 0 · makine↔karton 0 · karton içi 0 · 62 s
[  63 sn]    an 2.50 · kesişim 0 · makine↔karton 0 · karton içi 0 · 62 s
[  63 sn]    an 2.70 · kesişim 0 · makine↔karton 0 · karton içi 0 · 62 s
[  63 sn]       KARTON-İÇ B_TABAN ↔ B_ARKA_MENTESE 8.9 mm³ (t 2.75)
[  63 sn]    an 2.75 · kesişim 0 · makine↔karton 0 · karton içi 1 · 63 s
[  63 sn]    an 2.86 · kesişim 0 · makine↔karton 0 · karton içi 2 · 63 s
[  63 sn]    an 3.00 · kesişim 0 · makine↔karton 0 · karton içi 3 · 63 s
[  63 sn]       KARTON-İÇ B_TIRNAK_ARKA_MENTESE ↔ B_ARKA_MENTESE 77.0 mm³ (t 3.25)
[  63 sn]       KARTON-İÇ B_TIRNAK_ON_MENTESE ↔ B_ARKA_MENTESE 77.0 mm³ (t 3.25)
[  63 sn]    an 3.25 · kesişim 0 · makine↔karton 0 · karton içi 6 · 63 s
[  64 sn]    an 3.50 · kesişim 0 · makine↔karton 0 · karton içi 9 · 63 s
[  64 sn]    an 3.70 · kesişim 0 · makine↔karton 0 · karton içi 10 · 63 s
[  64 sn]    an 3.75 · kesişim 0 · makine↔karton 0 · karton içi 11 · 64 s
[  64 sn]    an 4.00 · kesişim 0 · makine↔karton 0 · karton içi 12 · 64 s
[  64 sn]    an 4.25 · kesişim 0 · makine↔karton 0 · karton içi 13 · 64 s
[  64 sn]    an 4.50 · kesişim 0 · makine↔karton 0 · karton içi 14 · 64 s
[  64 sn]    an 4.75 · kesişim 0 · makine↔karton 0 · karton içi 15 · 64 s
[  65 sn]    an 5.00 · kesişim 0 · makine↔karton 0 · karton içi 16 · 64 s
[  65 sn]    an 5.25 · kesişim 0 · makine↔karton 0 · karton içi 17 · 64 s
[  65 sn]    an 5.30 · kesişim 0 · makine↔karton 0 · karton içi 18 · 65 s
[  65 sn]    an 5.50 · kesişim 0 · makine↔karton 0 · karton içi 19 · 65 s
[  65 sn]    an 5.75 · kesişim 0 · makine↔karton 0 · karton içi 20 · 65 s
[  65 sn]    an 5.86 · kesişim 0 · makine↔karton 0 · karton içi 21 · 65 s
[  65 sn]       KARTON-İÇ B_ARKA_MENTESE ↔ B_KAPAK 16.3 mm³ (t 6.00)
[  65 sn]    an 6.00 · kesişim 0 · makine↔karton 0 · karton içi 23 · 65 s
[  66 sn]    an 6.25 · kesişim 0 · makine↔karton 0 · karton içi 27 · 65 s
[  66 sn]    an 6.30 · kesişim 0 · makine↔karton 0 · karton içi 31 · 65 s
[  66 sn]    an 6.50 · kesişim 0 · makine↔karton 0 · karton içi 35 · 66 s
[  66 sn]    an 6.55 · kesişim 0 · makine↔karton 0 · karton içi 39 · 66 s
[  66 sn]    an 6.75 · kesişim 0 · makine↔karton 0 · karton içi 43 · 66 s
[  66 sn]    an 6.85 · kesişim 0 · makine↔karton 0 · karton içi 47 · 66 s
[  67 sn]    an 7.00 · kesişim 0 · makine↔karton 0 · karton içi 51 · 66 s
[  67 sn]    an 7.10 · kesişim 0 · makine↔karton 0 · karton içi 55 · 66 s
[  67 sn]    an 7.25 · kesişim 0 · makine↔karton 0 · karton içi 59 · 67 s
[  67 sn]    an 7.50 · kesişim 0 · makine↔karton 0 · karton içi 63 · 67 s
[  67 sn]    an 7.75 · kesişim 0 · makine↔karton 0 · karton içi 67 · 67 s
[  67 sn]    an 8.00 · kesişim 0 · makine↔karton 0 · karton içi 71 · 67 s
[  67 sn]    an 8.20 · kesişim 0 · makine↔karton 0 · karton içi 75 · 67 s
[  68 sn]    an 8.25 · kesişim 0 · makine↔karton 0 · karton içi 79 · 67 s
[  68 sn]    an 8.50 · kesişim 0 · makine↔karton 0 · karton içi 83 · 67 s
[  68 sn]    an 8.70 · kesişim 0 · makine↔karton 0 · karton içi 87 · 68 s
[  68 sn]    an 8.75 · kesişim 0 · makine↔karton 0 · karton içi 91 · 68 s
[  68 sn]    an 9.00 · kesişim 0 · makine↔karton 0 · karton içi 95 · 68 s
[  68 sn]    an 9.05 · kesişim 0 · makine↔karton 0 · karton içi 99 · 68 s
[  68 sn]    an 9.25 · kesişim 0 · makine↔karton 0 · karton içi 103 · 68 s
[  69 sn]    an 9.50 · kesişim 0 · makine↔karton 0 · karton içi 107 · 68 s
[  69 sn]    an 9.75 · kesişim 0 · makine↔karton 0 · karton içi 111 · 68 s
[  69 sn]    an 9.80 · kesişim 0 · makine↔karton 0 · karton içi 115 · 69 s
[  69 sn]    an 10.00 · kesişim 0 · makine↔karton 0 · karton içi 119 · 69 s
[  69 sn]    an 10.15 · kesişim 0 · makine↔karton 0 · karton içi 123 · 69 s
[  69 sn]    an 10.25 · kesişim 0 · makine↔karton 0 · karton içi 127 · 69 s
[  69 sn]    an 10.50 · kesişim 0 · makine↔karton 0 · karton içi 131 · 69 s
[  70 sn]    an 10.55 · kesişim 0 · makine↔karton 0 · karton içi 135 · 69 s
[  70 sn]    an 10.75 · kesişim 0 · makine↔karton 0 · karton içi 139 · 69 s
[  70 sn]    an 10.80 · kesişim 0 · makine↔karton 0 · karton içi 143 · 70 s
[  70 sn]    an 11.00 · kesişim 0 · makine↔karton 0 · karton içi 146 · 70 s
[  70 sn]    an 11.10 · kesişim 0 · makine↔karton 0 · karton içi 149 · 70 s
[  70 sn]    an 11.25 · kesişim 0 · makine↔karton 0 · karton içi 152 · 70 s
[  70 sn]    an 11.50 · kesişim 0 · makine↔karton 0 · karton içi 155 · 70 s
[  71 sn]    an 11.75 · kesişim 0 · makine↔karton 0 · karton içi 158 · 70 s
[  71 sn]    an 12.00 · kesişim 0 · makine↔karton 0 · karton içi 161 · 71 s
[  71 sn]    an 12.25 · kesişim 0 · makine↔karton 0 · karton içi 164 · 71 s
[  71 sn]    an 12.50 · kesişim 0 · makine↔karton 0 · karton içi 167 · 71 s
[  71 sn]    an 12.75 · kesişim 0 · makine↔karton 0 · karton içi 170 · 71 s
[  71 sn]    an 13.00 · kesişim 0 · makine↔karton 0 · karton içi 173 · 71 s
[  72 sn]    an 13.25 · kesişim 0 · makine↔karton 0 · karton içi 176 · 71 s
[  72 sn]    an 13.50 · kesişim 0 · makine↔karton 0 · karton içi 179 · 71 s
[  72 sn]    an 13.60 · kesişim 0 · makine↔karton 0 · karton içi 182 · 72 s
[  72 sn]    an 13.75 · kesişim 0 · makine↔karton 0 · karton içi 185 · 72 s
[  72 sn]    an 13.90 · kesişim 0 · makine↔karton 0 · karton içi 188 · 72 s
[  72 sn]    an 14.00 · kesişim 0 · makine↔karton 0 · karton içi 191 · 72 s
[  73 sn]    an 14.20 · kesişim 0 · makine↔karton 0 · karton içi 194 · 72 s
[  73 sn]    an 14.25 · kesişim 0 · makine↔karton 0 · karton içi 197 · 72 s
[  73 sn]    an 14.50 · kesişim 0 · makine↔karton 0 · karton içi 201 · 73 s
[  73 sn]    an 14.75 · kesişim 0 · makine↔karton 0 · karton içi 205 · 73 s
[  73 sn]    an 15.00 · kesişim 0 · makine↔karton 0 · karton içi 209 · 73 s
[  73 sn]    an 15.25 · kesişim 0 · makine↔karton 0 · karton içi 213 · 73 s
[  74 sn]    an 15.50 · kesişim 0 · makine↔karton 0 · karton içi 217 · 73 s
[  74 sn]    an 15.60 · kesişim 0 · makine↔karton 0 · karton içi 221 · 73 s
[  74 sn]    an 15.75 · kesişim 0 · makine↔karton 0 · karton içi 225 · 73 s
[  74 sn]    an 15.90 · kesişim 0 · makine↔karton 0 · karton içi 229 · 74 s
[  74 sn]    an 16.00 · kesişim 0 · makine↔karton 0 · karton içi 233 · 74 s
[  74 sn]    an 16.25 · kesişim 0 · makine↔karton 0 · karton içi 237 · 74 s
[  75 sn]    an 16.50 · kesişim 0 · makine↔karton 0 · karton içi 241 · 74 s
[  75 sn]    an 16.70 · kesişim 0 · makine↔karton 0 · karton içi 245 · 74 s
[  75 sn]    an 16.75 · kesişim 0 · makine↔karton 0 · karton içi 249 · 75 s
[  75 sn]    an 17.00 · kesişim 0 · makine↔karton 0 · karton içi 253 · 75 s
[  75 sn]    an 17.25 · kesişim 0 · makine↔karton 0 · karton içi 257 · 75 s
[  75 sn]    an 17.50 · kesişim 0 · makine↔karton 0 · karton içi 261 · 75 s
[  76 sn]    an 17.75 · kesişim 0 · makine↔karton 0 · karton içi 265 · 75 s
[  76 sn]    an 18.00 · kesişim 0 · makine↔karton 0 · karton içi 269 · 76 s
[  76 sn]    an 18.10 · kesişim 0 · makine↔karton 0 · karton içi 273 · 76 s
[  76 sn]    an 18.25 · kesişim 0 · makine↔karton 0 · karton içi 277 · 76 s
[  76 sn]    an 18.50 · kesişim 0 · makine↔karton 0 · karton içi 281 · 76 s
[  77 sn]    an 18.60 · kesişim 0 · makine↔karton 0 · karton içi 285 · 76 s
[  77 sn]    an 18.75 · kesişim 0 · makine↔karton 0 · karton içi 289 · 76 s
[  77 sn]    an 19.00 · kesişim 0 · makine↔karton 0 · karton içi 293 · 77 s
[  77 sn]    an 19.25 · kesişim 0 · makine↔karton 0 · karton içi 297 · 77 s
[  77 sn]    an 19.50 · kesişim 0 · makine↔karton 0 · karton içi 301 · 77 s
[  77 sn]    an 19.75 · kesişim 0 · makine↔karton 0 · karton içi 305 · 77 s
[  78 sn]    an 20.00 · kesişim 0 · makine↔karton 0 · karton içi 309 · 77 s
[  78 sn]    an 20.25 · kesişim 0 · makine↔karton 0 · karton içi 313 · 77 s
[  78 sn]    an 20.30 · kesişim 0 · makine↔karton 0 · karton içi 317 · 78 s
[  78 sn]    an 20.50 · kesişim 0 · makine↔karton 0 · karton içi 321 · 78 s
[  78 sn]    an 20.75 · kesişim 0 · makine↔karton 0 · karton içi 325 · 78 s
[  78 sn]    an 21.00 · kesişim 0 · makine↔karton 0 · karton içi 329 · 78 s
[  78 sn]    an 21.25 · kesişim 0 · makine↔karton 0 · karton içi 333 · 78 s
[  78 sn]    an 21.50 · kesişim 0 · makine↔karton 0 · karton içi 337 · 78 s
[  79 sn]    an 21.70 · kesişim 0 · makine↔karton 0 · karton içi 341 · 78 s
[  79 sn]    an 21.75 · kesişim 0 · makine↔karton 0 · karton içi 345 · 78 s
[  79 sn]    an 22.00 · kesişim 0 · makine↔karton 0 · karton içi 349 · 79 s
[  79 sn]    an 22.25 · kesişim 0 · makine↔karton 0 · karton içi 353 · 79 s
[  79 sn]    an 22.50 · kesişim 0 · makine↔karton 0 · karton içi 357 · 79 s
[  79 sn]    an 22.75 · kesişim 0 · makine↔karton 0 · karton içi 361 · 79 s
[  80 sn]    an 22.80 · kesişim 0 · makine↔karton 0 · karton içi 365 · 79 s
[  80 sn]    an 22.98 · kesişim 0 · makine↔karton 0 · karton içi 369 · 79 s
[  80 sn]    an 23.00 · kesişim 0 · makine↔karton 0 · karton içi 373 · 80 s
[  80 sn] E v12 DENETİM: GEÇTİ · geçersiz 0 · zaman ihlali 0 · kesişim 0 · kafa↔besleme en kısa 4.30 mm (≥ 3) · 80 s
[ 104 sn] E v12 BAĞLANTI: bileşen boyları [381, 1] · tek kalanlar [['asansor_kayisi']]
ONBELLEK (ACIK): sinir kutusu oku 17274 / hesapla 471 · islem oku 21033 / hesapla 6 · ag oku 0 / hesapla 0 · STEP oku 19 / hesapla 0 · parmak izi 1863 (15 sn) · islem 17 sn · ag 0 sn · toplam 104 sn · klasor C:\Users\Kemal\AppData\Local\AUTOKITCH_onbellek
EXIT 127
