  paneWndVisible                           0 -> 0
  taskpaneDismissed                        1 -> 1
  paneWndIsExpanded                        0 -> 0
  Visible                                  0 -> 0
  Floating                                 0 -> 0
  Show Welcome Screen                      1 -> 1
  Show Latest News feeds In task pane      0 -> 0
  Taskpane Animation                       0 -> 0
duzeltildi: sw_topping2.py
duzeltildi: sw_oven2.py
uyari: KAP_on_cekme_dudagi → 5 s bekleyip yeniden (feature olusmadi: KAP_on_cekme_dudagi_1)
uyari: KAP_on_cekme_dudagi → 5 s bekleyip yeniden (feature olusmadi: KAP_on_cekme_dudagi_1)
Traceback (most recent call last):
  File "C:\Users\Kemal\Desktop\Kemal\WEBSİTE\AUTOKITCH\arastirma\_uretec\sw_lib.py", line 84, in part
    try: return self._part(fname, ops)
                ^^^^^^^^^^^^^^^^^^^^^^
  File "C:\Users\Kemal\Desktop\Kemal\WEBSİTE\AUTOKITCH\arastirma\_uretec\sw_lib.py", line 99, in _part
    sk.InsertSketch(True); self._ext(fm, "%s_%d" % (fname, k+1), n0, n1, cut); doc.ClearSelection2(True)
                           ^^^^^^^^^^^^^^^^^^^^^^^^^^^^^^^^^^^^^^^^^^^^^^^^^^
  File "C:\Users\Kemal\Desktop\Kemal\WEBSİTE\AUTOKITCH\arastirma\_uretec\sw_lib.py", line 80, in _ext
    if f is None: raise RuntimeError("feature olusmadi: " + name)
                  ^^^^^^^^^^^^^^^^^^^^^^^^^^^^^^^^^^^^^^^^^^^^^^^
RuntimeError: feature olusmadi: KAP_on_cekme_dudagi_1

During handling of the above exception, another exception occurred:

Traceback (most recent call last):
  File "C:\Users\Kemal\Desktop\Kemal\WEBSİTE\AUTOKITCH\arastirma\_uretec\sw_lib.py", line 84, in part
    try: return self._part(fname, ops)
                ^^^^^^^^^^^^^^^^^^^^^^
  File "C:\Users\Kemal\Desktop\Kemal\WEBSİTE\AUTOKITCH\arastirma\_uretec\sw_lib.py", line 99, in _part
    sk.InsertSketch(True); self._ext(fm, "%s_%d" % (fname, k+1), n0, n1, cut); doc.ClearSelection2(True)
                           ^^^^^^^^^^^^^^^^^^^^^^^^^^^^^^^^^^^^^^^^^^^^^^^^^^
  File "C:\Users\Kemal\Desktop\Kemal\WEBSİTE\AUTOKITCH\arastirma\_uretec\sw_lib.py", line 80, in _ext
    if f is None: raise RuntimeError("feature olusmadi: " + name)
                  ^^^^^^^^^^^^^^^^^^^^^^^^^^^^^^^^^^^^^^^^^^^^^^^
RuntimeError: feature olusmadi: KAP_on_cekme_dudagi_1

During handling of the above exception, another exception occurred:

Traceback (most recent call last):
  File "C:\Users\Kemal\Desktop\Kemal\WEBSİTE\AUTOKITCH\arastirma\_uretec\sw_dudak_fix.py", line 22, in <module>
    st.box(p + "on_cekme_dudagi", -70, 70, yt-15, yt, -20, -5)     # üstte değil, ÖNDE (z −20 → −5)
    ^^^^^^^^^^^^^^^^^^^^^^^^^^^^^^^^^^^^^^^^^^^^^^^^^^^^^^^^^^
  File "C:\Users\Kemal\Desktop\Kemal\WEBSİTE\AUTOKITCH\arastirma\_uretec\sw_lib.py", line 107, in box
    return self.part(fname, ops)
           ^^^^^^^^^^^^^^^^^^^^^
  File "C:\Users\Kemal\Desktop\Kemal\WEBSİTE\AUTOKITCH\arastirma\_uretec\sw_lib.py", line 90, in part
    return self.part(fname, ops, _retry-1)
           ^^^^^^^^^^^^^^^^^^^^^^^^^^^^^^^
  File "C:\Users\Kemal\Desktop\Kemal\WEBSİTE\AUTOKITCH\arastirma\_uretec\sw_lib.py", line 90, in part
    return self.part(fname, ops, _retry-1)
           ^^^^^^^^^^^^^^^^^^^^^^^^^^^^^^^
  File "C:\Users\Kemal\Desktop\Kemal\WEBSİTE\AUTOKITCH\arastirma\_uretec\sw_lib.py", line 84, in part
    try: return self._part(fname, ops)
                ^^^^^^^^^^^^^^^^^^^^^^
  File "C:\Users\Kemal\Desktop\Kemal\WEBSİTE\AUTOKITCH\arastirma\_uretec\sw_lib.py", line 99, in _part
    sk.InsertSketch(True); self._ext(fm, "%s_%d" % (fname, k+1), n0, n1, cut); doc.ClearSelection2(True)
                           ^^^^^^^^^^^^^^^^^^^^^^^^^^^^^^^^^^^^^^^^^^^^^^^^^^
  File "C:\Users\Kemal\Desktop\Kemal\WEBSİTE\AUTOKITCH\arastirma\_uretec\sw_lib.py", line 80, in _ext
    if f is None: raise RuntimeError("feature olusmadi: " + name)
                  ^^^^^^^^^^^^^^^^^^^^^^^^^^^^^^^^^^^^^^^^^^^^^^^
RuntimeError: feature olusmadi: KAP_on_cekme_dudagi_1
