  paneWndVisible                           0 -> 0
  taskpaneDismissed                        1 -> 1
  paneWndIsExpanded                        0 -> 0
  Show Welcome Screen                      1 -> 1
  Show Latest News feeds In task pane      0 -> 0
  Taskpane Animation                       0 -> 0
uyari: CEK_icecek_cukurlu_hizalama_tepsisi → 5 s bekleyip yeniden (feature olusmadi: CEK_icecek_cukurlu_hizalama_tepsisi_3)
uyari: CEK_icecek_cukurlu_hizalama_tepsisi → 5 s bekleyip yeniden (feature olusmadi: CEK_icecek_cukurlu_hizalama_tepsisi_3)
Traceback (most recent call last):
  File "C:\Users\Kemal\Desktop\Kemal\WEBSİTE\AUTOKITCH\arastirma\_uretec\sw_lib.py", line 89, in part
    try: return self._part(fname, ops)
                ^^^^^^^^^^^^^^^^^^^^^^
  File "C:\Users\Kemal\Desktop\Kemal\WEBSİTE\AUTOKITCH\arastirma\_uretec\sw_lib.py", line 107, in _part
    sk.InsertSketch(True); self._ext(fm, "%s_%d" % (fname, k+1), n0, n1, cut); doc.ClearSelection2(True)
                           ^^^^^^^^^^^^^^^^^^^^^^^^^^^^^^^^^^^^^^^^^^^^^^^^^^
  File "C:\Users\Kemal\Desktop\Kemal\WEBSİTE\AUTOKITCH\arastirma\_uretec\sw_lib.py", line 85, in _ext
    if f is None: raise RuntimeError("feature olusmadi: " + name)
                  ^^^^^^^^^^^^^^^^^^^^^^^^^^^^^^^^^^^^^^^^^^^^^^^
RuntimeError: feature olusmadi: CEK_icecek_cukurlu_hizalama_tepsisi_3

During handling of the above exception, another exception occurred:

Traceback (most recent call last):
  File "C:\Users\Kemal\Desktop\Kemal\WEBSİTE\AUTOKITCH\arastirma\_uretec\sw_lib.py", line 89, in part
    try: return self._part(fname, ops)
                ^^^^^^^^^^^^^^^^^^^^^^
  File "C:\Users\Kemal\Desktop\Kemal\WEBSİTE\AUTOKITCH\arastirma\_uretec\sw_lib.py", line 107, in _part
    sk.InsertSketch(True); self._ext(fm, "%s_%d" % (fname, k+1), n0, n1, cut); doc.ClearSelection2(True)
                           ^^^^^^^^^^^^^^^^^^^^^^^^^^^^^^^^^^^^^^^^^^^^^^^^^^
  File "C:\Users\Kemal\Desktop\Kemal\WEBSİTE\AUTOKITCH\arastirma\_uretec\sw_lib.py", line 85, in _ext
    if f is None: raise RuntimeError("feature olusmadi: " + name)
                  ^^^^^^^^^^^^^^^^^^^^^^^^^^^^^^^^^^^^^^^^^^^^^^^
RuntimeError: feature olusmadi: CEK_icecek_cukurlu_hizalama_tepsisi_3

During handling of the above exception, another exception occurred:

Traceback (most recent call last):
  File "C:\Users\Kemal\Desktop\Kemal\WEBSİTE\AUTOKITCH\arastirma\_uretec\sw_kola_tepsi.py", line 53, in <module>
    a = cekmece("icecek"); b = cekmece("1L")
        ^^^^^^^^^^^^^^^^^
  File "C:\Users\Kemal\Desktop\Kemal\WEBSİTE\AUTOKITCH\arastirma\_uretec\sw_kola_tepsi.py", line 40, in cekmece
    st.part(p+"cukurlu_hizalama_tepsisi", ops)
  File "C:\Users\Kemal\Desktop\Kemal\WEBSİTE\AUTOKITCH\arastirma\_uretec\sw_lib.py", line 95, in part
    return self.part(fname, ops, _retry-1)
           ^^^^^^^^^^^^^^^^^^^^^^^^^^^^^^^
  File "C:\Users\Kemal\Desktop\Kemal\WEBSİTE\AUTOKITCH\arastirma\_uretec\sw_lib.py", line 95, in part
    return self.part(fname, ops, _retry-1)
           ^^^^^^^^^^^^^^^^^^^^^^^^^^^^^^^
  File "C:\Users\Kemal\Desktop\Kemal\WEBSİTE\AUTOKITCH\arastirma\_uretec\sw_lib.py", line 89, in part
    try: return self._part(fname, ops)
                ^^^^^^^^^^^^^^^^^^^^^^
  File "C:\Users\Kemal\Desktop\Kemal\WEBSİTE\AUTOKITCH\arastirma\_uretec\sw_lib.py", line 107, in _part
    sk.InsertSketch(True); self._ext(fm, "%s_%d" % (fname, k+1), n0, n1, cut); doc.ClearSelection2(True)
                           ^^^^^^^^^^^^^^^^^^^^^^^^^^^^^^^^^^^^^^^^^^^^^^^^^^
  File "C:\Users\Kemal\Desktop\Kemal\WEBSİTE\AUTOKITCH\arastirma\_uretec\sw_lib.py", line 85, in _ext
    if f is None: raise RuntimeError("feature olusmadi: " + name)
                  ^^^^^^^^^^^^^^^^^^^^^^^^^^^^^^^^^^^^^^^^^^^^^^^
RuntimeError: feature olusmadi: CEK_icecek_cukurlu_hizalama_tepsisi_3
