  paneWndVisible                           0 -> 0
  taskpaneDismissed                        1 -> 1
  paneWndIsExpanded                        0 -> 0
  Visible                                  0 -> 0
  Floating                                 0 -> 0
  Show Welcome Screen                      1 -> 1
  Show Latest News feeds In task pane      0 -> 0
  Taskpane Animation                       0 -> 0
Traceback (most recent call last):
  File "C:\Users\Kemal\Desktop\Kemal\WEBSİTE\AUTOKITCH\arastirma\_uretec\sw_oven2.py", line 80, in <module>
    sw.CloseAllDocuments(True); st = Station(ROOT, "OVEN"); st.load_dir(); print("kasa parca yuklendi:", len(st.parts))
                                                            ^^^^^^^^^^^^^
  File "C:\Users\Kemal\Desktop\Kemal\WEBSİTE\AUTOKITCH\arastirma\_uretec\sw_lib.py", line 139, in load_dir
    d = sw.OpenDoc6(path, 1, 1, "", e, w); bb = bbox_of(d); sw.CloseDoc(d.GetTitle); self._track(bb)
        ^^^^^^^^^^^^^^^^^^^^^^^^^^^^^^^^^
  File "<COMObject SldWorks.Application>", line 2, in OpenDoc6
pywintypes.com_error: (-2147023170, 'The remote procedure call failed.', None, None)
2(0, True):
             ^^^^^^^^^^^^^^^^^^^^^^^
TypeError: 'NoneType' object is not iterable
