kasa parca yuklendi: 77
TOPPING: 109 parca, montaj kayit=True, konum hatasi=['L_RAF_CIFTI-1', 'SOKET_MOTOR-1', 'SOKET_MOTOR-2', 'L_RAF_CIFTI-2', 'KAP_14x68x24-3', 'L_RAF_CIFTI-4', 'KAP_14x68x24-1', 'KAP_14x68x24-2', 'L_RAF_CIFTI-3', 'SOKET_MOTOR-3', 'SOKET_MOTOR-4', 'KAP_14x68x24-5', 'KAP_14x68x24-7', 'L_RAF_CIFTI-10', 'L_RAF_CIFTI-5', 'SOKET_MOTOR-6', 'SOKET_MOTOR-5', 'L_RAF_CIFTI-9', 'KAP_14x68x24-4', 'L_RAF_CIFTI-8', 'L_RAF_CIFTI-6', 'KAP_14x68x24-6', 'L_RAF_CIFTI-7', 'KAP_14x68x24-8', 'L_RAF_CIFTI-12', 'L_RAF_CIFTI-11', 'L_RAF_CIFTI-14', 'KAP_14x68x24-10', 'L_RAF_CIFTI-13', 'KAP_14x68x24-9', 'KAP_14x68x24-11', 'KAP_14x68x24-12'], sure 149 s
  L_RAF_CIFTI-2    x= 430 y= 1710 z=  0
  L_RAF_CIFTI-3    x= 270 y= 1300 z=  0
  KAP_14x68x24-4   x= 430 y= 1300 z=  0
  SOKET_MOTOR-1    x= 270 y= 1710 z=  0
  SOKET_MOTOR-2    x= 430 y= 1710 z=  0
  L_RAF_CIFTI-1    x= 270 y= 1710 z=  0
  KAP_14x68x24-1   x= 270 y= 1710 z=  0
  KAP_14x68x24-2   x= 430 y= 1710 z=  0
  SOKET_MOTOR-3    x= 270 y= 1300 z=  0
  L_RAF_CIFTI-4    x= 430 y= 1300 z=  0
  SOKET_MOTOR-4    x= 430 y= 1300 z=  0
  KAP_14x68x24-3   x= 270 y= 1300 z=  0
  L_RAF_CIFTI-6    x= 430 y=  890 z=  0
  SOKET_MOTOR-6    x= 430 y=  890 z=  0
  KAP_14x68x24-5   x= 270 y=  890 z=  0
  KAP_14x68x24-6   x= 430 y=  890 z=  0
  L_RAF_CIFTI-7    x= 115 y=  480 z=  0
  L_RAF_CIFTI-5    x= 270 y=  890 z=  0
  SOKET_MOTOR-5    x= 270 y=  890 z=  0
  L_RAF_CIFTI-10   x= 585 y=  480 z=  0
  L_RAF_CIFTI-14   x= 585 y=  210 z=  0
  KAP_14x68x24-8   x= 272 y=  480 z=  0
  L_RAF_CIFTI-11   x= 115 y=  210 z=  0
  L_RAF_CIFTI-8    x= 272 y=  480 z=  0
  L_RAF_CIFTI-9    x= 428 y=  480 z=  0
  KAP_14x68x24-9   x= 428 y=  480 z=  0
  KAP_14x68x24-10  x= 585 y=  480 z=  0
  L_RAF_CIFTI-12   x= 272 y=  210 z=  0
  KAP_14x68x24-7   x= 115 y=  480 z=  0
  L_RAF_CIFTI-13   x= 428 y=  210 z=  0
  KAP_14x68x24-11  x= 428 y=  210 z=  0
  KAP_14x68x24-12  x= 585 y=  210 z=  0
